// Jest Snapshot v1, https://goo.gl/fbAQLP

exports[`<Alert /> spec Should match snapshot 1`] = `
<DocumentFragment>
  <div
    class="css-1d4mekc"
    data-testid="alert-component"
    style="opacity: 0; transform: translateY(30px) translateZ(0);"
  >
    <div
      class="text"
    />
  </div>
</DocumentFragment>
`;
