// Jest Snapshot v1, https://goo.gl/fbAQLP

exports[`<About /> spec Should match snapshot 1`] = `
<DocumentFragment>
  <div
    class="css-1ur40l5"
    data-testid="about-component"
  >
    <div />
  </div>
</DocumentFragment>
`;
